// Jest Snapshot v1, https://goo.gl/fbAQLP

exports[`Expect to render ProductDetail component 1`] = `[Function]`;
